// Vitest Snapshot v1, https://vitest.dev/guide/snapshot.html

exports[`search-control > can be added to map 1`] = `
<div
  class="maplibregl-ctrl maplibre-search-box"
>
  <div
    class="input-container"
  >
    <span
      class="cancel hidden"
    />
    <span
      class="spinner lds-dual-ring hidden"
    />
    <input
      placeholder="Search for places..."
      type="text"
    />
  </div>
  <div
    class="results hidden"
  >
    <div
      class="results-list"
    />
    <div
      class="search-attribution"
    >
      <img
        alt="Stadia Maps"
        class="logo"
        height="50"
        src="data:<inlined>"
        width="50"
      />
       Powered by 
      <a
        href="https://stadiamaps.com/"
        target="_blank"
      >
        Stadia Maps
      </a>
      <br />
      © 
      <a
        href="https://www.openstreetmap.org/copyright"
        rel="nofollow"
        target="_blank"
      >
        OpenStreetMap
      </a>
       contributors & 
      <a
        href="https://stadiamaps.com/attribution/"
        target="_blank"
      >
        others
      </a>
    </div>
  </div>
</div>
`;
